Bod A:
Bod B:
Bod C:
A': [12.5,15], obdelnik
B': [8.5,15], rovnobeznik
C': [12.5,6], rovnobeznik
